Archive member included because of file (symbol)

/Users/austinglaser/src/lpcxresso/NXP_LPCXpresso1114-302_2011-02-07/lib_small_printf_m0/Lib/liblib_small_printf_m0.a(small_printf_nofloat.o)
                              ./driver/debug_printf.o (printf_format_nofloat)
/Users/austinglaser/src/lpcxresso/NXP_LPCXpresso1114-302_2011-02-07/lib_small_printf_m0/Lib/liblib_small_printf_m0.a(small_printf_support.o)
                              /Users/austinglaser/src/lpcxresso/NXP_LPCXpresso1114-302_2011-02-07/lib_small_printf_m0/Lib/liblib_small_printf_m0.a(small_printf_nofloat.o) (prints)
/Users/austinglaser/src/lpcxresso/NXP_LPCXpresso1114-302_2011-02-07/lib_small_printf_m0/Lib/liblib_small_printf_m0.a(small_utils.o)
                              ./driver/debug_printf.o (small_strlen)
/Applications/lpcxpresso_6.1.2_177/lpcxpresso/tools/bin/../lib/gcc/arm-none-eabi/4.6.2/../../../../arm-none-eabi/lib/armv6-m/libcr_c.a(__weak__main.o)
                              ./startup/cr_startup_lpc11.o (__main)
/Applications/lpcxpresso_6.1.2_177/lpcxpresso/tools/bin/../lib/gcc/arm-none-eabi/4.6.2/../../../../arm-none-eabi/lib/armv6-m/libcr_c.a(fpprintf.o)
                              ./src/adc_main.o (printf)
/Applications/lpcxpresso_6.1.2_177/lpcxpresso/tools/bin/../lib/gcc/arm-none-eabi/4.6.2/../../../../arm-none-eabi/lib/armv6-m/libcr_c.a(printf.o)
                              /Applications/lpcxpresso_6.1.2_177/lpcxpresso/tools/bin/../lib/gcc/arm-none-eabi/4.6.2/../../../../arm-none-eabi/lib/armv6-m/libcr_c.a(fpprintf.o) (__vfprintf)
/Applications/lpcxpresso_6.1.2_177/lpcxpresso/tools/bin/../lib/gcc/arm-none-eabi/4.6.2/../../../../arm-none-eabi/lib/armv6-m/libcr_c.a(stdio.o)
                              /Applications/lpcxpresso_6.1.2_177/lpcxpresso/tools/bin/../lib/gcc/arm-none-eabi/4.6.2/../../../../arm-none-eabi/lib/armv6-m/libcr_c.a(fpprintf.o) (__Ciob)
/Applications/lpcxpresso_6.1.2_177/lpcxpresso/tools/bin/../lib/gcc/arm-none-eabi/4.6.2/../../../../arm-none-eabi/lib/armv6-m/libcr_c.a(strlen.o)
                              /Applications/lpcxpresso_6.1.2_177/lpcxpresso/tools/bin/../lib/gcc/arm-none-eabi/4.6.2/../../../../arm-none-eabi/lib/armv6-m/libcr_c.a(printf.o) (strlen)
/Applications/lpcxpresso_6.1.2_177/lpcxpresso/tools/bin/../lib/gcc/arm-none-eabi/4.6.2/../../../../arm-none-eabi/lib/armv6-m/libcr_c.a(memset.o)
                              /Applications/lpcxpresso_6.1.2_177/lpcxpresso/tools/bin/../lib/gcc/arm-none-eabi/4.6.2/../../../../arm-none-eabi/lib/armv6-m/libcr_c.a(fpprintf.o) (memset)
/Applications/lpcxpresso_6.1.2_177/lpcxpresso/tools/bin/../lib/gcc/arm-none-eabi/4.6.2/../../../../arm-none-eabi/lib/armv6-m/libcr_c.a(__fillbuf.o)
                              /Applications/lpcxpresso_6.1.2_177/lpcxpresso/tools/bin/../lib/gcc/arm-none-eabi/4.6.2/../../../../arm-none-eabi/lib/armv6-m/libcr_c.a(stdio.o) (__filbuf)
/Applications/lpcxpresso_6.1.2_177/lpcxpresso/tools/bin/../lib/gcc/arm-none-eabi/4.6.2/../../../../arm-none-eabi/lib/armv6-m/libcr_c.a(_deferredlazyseek.o)
                              /Applications/lpcxpresso_6.1.2_177/lpcxpresso/tools/bin/../lib/gcc/arm-none-eabi/4.6.2/../../../../arm-none-eabi/lib/armv6-m/libcr_c.a(__fillbuf.o) (_deferredlazyseek)
/Applications/lpcxpresso_6.1.2_177/lpcxpresso/tools/bin/../lib/gcc/arm-none-eabi/4.6.2/../../../../arm-none-eabi/lib/armv6-m/libcr_c.a(_fflush.o)
                              /Applications/lpcxpresso_6.1.2_177/lpcxpresso/tools/bin/../lib/gcc/arm-none-eabi/4.6.2/../../../../arm-none-eabi/lib/armv6-m/libcr_c.a(__fillbuf.o) (_fflush)
/Applications/lpcxpresso_6.1.2_177/lpcxpresso/tools/bin/../lib/gcc/arm-none-eabi/4.6.2/../../../../arm-none-eabi/lib/armv6-m/libcr_c.a(_frexpl.o)
                              /Applications/lpcxpresso_6.1.2_177/lpcxpresso/tools/bin/../lib/gcc/arm-none-eabi/4.6.2/../../../../arm-none-eabi/lib/armv6-m/libcr_c.a(fpprintf.o) (_frexpl)
/Applications/lpcxpresso_6.1.2_177/lpcxpresso/tools/bin/../lib/gcc/arm-none-eabi/4.6.2/../../../../arm-none-eabi/lib/armv6-m/libcr_c.a(_ldexpl.o)
                              /Applications/lpcxpresso_6.1.2_177/lpcxpresso/tools/bin/../lib/gcc/arm-none-eabi/4.6.2/../../../../arm-none-eabi/lib/armv6-m/libcr_c.a(fpprintf.o) (_ldexpl)
/Applications/lpcxpresso_6.1.2_177/lpcxpresso/tools/bin/../lib/gcc/arm-none-eabi/4.6.2/../../../../arm-none-eabi/lib/armv6-m/libcr_c.a(_writebuf.o)
                              /Applications/lpcxpresso_6.1.2_177/lpcxpresso/tools/bin/../lib/gcc/arm-none-eabi/4.6.2/../../../../arm-none-eabi/lib/armv6-m/libcr_c.a(_deferredlazyseek.o) (_Cwritebuf)
/Applications/lpcxpresso_6.1.2_177/lpcxpresso/tools/bin/../lib/gcc/arm-none-eabi/4.6.2/../../../../arm-none-eabi/lib/armv6-m/libcr_c.a(alloc.o)
                              /Applications/lpcxpresso_6.1.2_177/lpcxpresso/tools/bin/../lib/gcc/arm-none-eabi/4.6.2/../../../../arm-none-eabi/lib/armv6-m/libcr_c.a(fpprintf.o) (malloc)
[...]
Memory Configuration

Name             Origin             Length             Attributes
MFlash32         0x0000000000000000 0x0000000000008000 xr
RamLoc8          0x0000000010000000 0x0000000000002000 xrw
*default*        0x0000000000000000 0xffffffffffffffff

Linker script and memory map

LOAD ./startup/cr_startup_lpc11.o
LOAD ./src/adc_main.o
LOAD ./driver/adc.o
LOAD ./driver/clkconfig.o
LOAD ./driver/crp.o
LOAD ./driver/debug_printf.o
LOAD ./driver/gpio.o
LOAD ./driver/timer32.o
LOAD ./driver/uart.o
LOAD ./cmsis/core_cm0.o
LOAD ./cmsis/system_LPC11xx.o
LOAD /Users/austinglaser/src/lpcxresso/NXP_LPCXpresso1114-302_2011-02-07/lib_small_printf_m0/Lib/liblib_small_printf_m0.a
START GROUP
LOAD /Applications/lpcxpresso_6.1.2_177/lpcxpresso/tools/bin/../lib/gcc/arm-none-eabi/4.6.2/../../../../arm-none-eabi/lib/armv6-m/libcr_c.a
LOAD /Applications/lpcxpresso_6.1.2_177/lpcxpresso/tools/bin/../lib/gcc/arm-none-eabi/4.6.2/../../../../arm-none-eabi/lib/armv6-m/libcr_semihost.a
LOAD /Applications/lpcxpresso_6.1.2_177/lpcxpresso/tools/bin/../lib/gcc/arm-none-eabi/4.6.2/armv6-m/libcr_eabihelpers.a
END GROUP
                0x0000000000008000                __top_MFlash32 = 0x8000
                0x0000000010002000                __top_RamLoc8 = 0x10002000

.text           0x0000000000000000     0x3688
 FILL mask 0xff
 *(.isr_vector)
 .isr_vector    0x0000000000000000       0xc0 ./startup/cr_startup_lpc11.o
                0x0000000000000000                g_pfnVectors
 *(.text.Reset_Handler .text.SystemInit)
 .text.SystemInit
                0x00000000000000c0       0xb0 ./cmsis/system_LPC11xx.o
                0x00000000000000c0                SystemInit
                0x00000000000002fc                . = 0x2fc
 *fill*         0x0000000000000170      0x18c ff
 *(.crp)
 .crp           0x00000000000002fc        0x4 ./driver/crp.o
                0x00000000000002fc                CRP_WORD
 *(.text*)
 .text.ResetISR
                0x0000000000000300       0x64 ./startup/cr_startup_lpc11.o
                0x0000000000000300                ResetISR
 .text.NMI_Handler
                0x0000000000000364        0x8 ./startup/cr_startup_lpc11.o
                0x0000000000000364                NMI_Handler
 .text.HardFault_Handler
                0x000000000000036c        0x8 ./startup/cr_startup_lpc11.o
                0x000000000000036c                HardFault_Handler
 .text.SVCall_Handler
                0x0000000000000374        0x8 ./startup/cr_startup_lpc11.o
                0x0000000000000374                SVCall_Handler
 .text.PendSV_Handler
                0x000000000000037c        0x8 ./startup/cr_startup_lpc11.o
                0x000000000000037c                PendSV_Handler
 .text.SysTick_Handler
                0x0000000000000384        0x8 ./startup/cr_startup_lpc11.o
                0x0000000000000384                SysTick_Handler
 .text.IntDefaultHandler
                0x000000000000038c        0x8 ./startup/cr_startup_lpc11.o
                0x000000000000038c                PIOINT3_IRQHandler
                0x000000000000038c                UART_IRQHandler
                0x000000000000038c                TIMER32_1_IRQHandler
                0x000000000000038c                IntDefaultHandler
                0x000000000000038c                PIOINT1_IRQHandler
                0x000000000000038c                CAN_IRQHandler
                0x000000000000038c                SSP0_IRQHandler
                0x000000000000038c                TIMER16_1_IRQHandler
                0x000000000000038c                SSP1_IRQHandler
                0x000000000000038c                PIOINT2_IRQHandler
                0x000000000000038c                BOD_IRQHandler
                0x000000000000038c                WAKEUP_IRQHandler
                0x000000000000038c                PIOINT0_IRQHandler
                0x000000000000038c                I2C_IRQHandler
                0x000000000000038c                WDT_IRQHandler
                0x000000000000038c                TIMER16_0_IRQHandler
 *fill*         0x0000000000000394        0x4 00
 .text.main     0x0000000000000398      0x238 ./src/adc_main.o
                0x0000000000000398                main
 .text.NVIC_EnableIRQ
                0x00000000000005d0       0x2c ./driver/adc.o
 .text.ADC_IRQHandler
                0x00000000000005fc       0xe8 ./driver/adc.o
                0x00000000000005fc                ADC_IRQHandler
 .text.ADCInit  0x00000000000006e4      0x138 ./driver/adc.o
                0x00000000000006e4                ADCInit
 .text.ADCRead  0x000000000000081c       0x54 ./driver/adc.o
                0x000000000000081c                ADCRead
 .text.GPIOInit
                0x0000000000000870       0x1c ./driver/gpio.o
                0x0000000000000870                GPIOInit
 .text.GPIOSetValue
                0x000000000000088c       0x38 ./driver/gpio.o
                0x000000000000088c                GPIOSetValue
 .text.GPIOSetDir
                0x00000000000008c4       0x74 ./driver/gpio.o
                0x00000000000008c4                GPIOSetDir
 .text.NVIC_EnableIRQ
                0x0000000000000938       0x2c ./driver/timer32.o
 .text.TIMER32_0_IRQHandler
                0x0000000000000964       0x50 ./driver/timer32.o
                0x0000000000000964                TIMER32_0_IRQHandler
 .text.enable_timer32
                0x00000000000009b4       0x30 ./driver/timer32.o
                0x00000000000009b4                enable_timer32
 .text.init_timer32
                0x00000000000009e4      0x140 ./driver/timer32.o
                0x00000000000009e4                init_timer32
 .text.NVIC_EnableIRQ
                0x0000000000000b24       0x2c ./driver/uart.o
 .text.NVIC_DisableIRQ
                0x0000000000000b50       0x30 ./driver/uart.o
 .text.UARTInit
                0x0000000000000b80      0x120 ./driver/uart.o
                0x0000000000000b80                UARTInit
 .text.SystemCoreClockUpdate
                0x0000000000000ca0       0xac ./cmsis/system_LPC11xx.o
                0x0000000000000ca0                SystemCoreClockUpdate
 .text.__weak_main
                0x0000000000000d4c        0x8 /Applications/lpcxpresso_6.1.2_177/lpcxpresso/tools/bin/../lib/gcc/arm-none-eabi/4.6.2/../../../../arm-none-eabi/lib/armv6-m/libcr_c.a(__weak__main.o)
                0x0000000000000d4c                __main
                0x0000000000000d4c                __weak_main
 .text.lose_trailing_zeros
                0x0000000000000d54       0x22 /Applications/lpcxpresso_6.1.2_177/lpcxpresso/tools/bin/../lib/gcc/arm-none-eabi/4.6.2/../../../../arm-none-eabi/lib/armv6-m/libcr_c.a(fpprintf.o)
 .text.fp_round
                0x0000000000000d76       0x4c /Applications/lpcxpresso_6.1.2_177/lpcxpresso/tools/bin/../lib/gcc/arm-none-eabi/4.6.2/../../../../arm-none-eabi/lib/armv6-m/libcr_c.a(fpprintf.o)
 .text.pr_dec.constprop.1
                0x0000000000000dc2       0x2a /Applications/lpcxpresso_6.1.2_177/lpcxpresso/tools/bin/../lib/gcc/arm-none-eabi/4.6.2/../../../../arm-none-eabi/lib/armv6-m/libcr_c.a(fpprintf.o)
 *fill*         0x0000000000000dec        0x4 00
 .text.sprintf  0x0000000000000df0       0x78 /Applications/lpcxpresso_6.1.2_177/lpcxpresso/tools/bin/../lib/gcc/arm-none-eabi/4.6.2/../../../../arm-none-eabi/lib/armv6-m/libcr_c.a(fpprintf.o)
                0x0000000000000df0                sprintf
 .text.fp_display
                0x0000000000000e68      0x978 /Applications/lpcxpresso_6.1.2_177/lpcxpresso/tools/bin/../lib/gcc/arm-none-eabi/4.6.2/../../../../arm-none-eabi/lib/armv6-m/libcr_c.a(fpprintf.o)
 .text.vsnprintf
                0x00000000000017e0       0x5c /Applications/lpcxpresso_6.1.2_177/lpcxpresso/tools/bin/../lib/gcc/arm-none-eabi/4.6.2/../../../../arm-none-eabi/lib/armv6-m/libcr_c.a(fpprintf.o)
                0x00000000000017e0                vsnprintf
 .text.printf   0x000000000000183c       0x50 /Applications/lpcxpresso_6.1.2_177/lpcxpresso/tools/bin/../lib/gcc/arm-none-eabi/4.6.2/../../../../arm-none-eabi/lib/armv6-m/libcr_c.a(fpprintf.o)
                0x000000000000183c                printf
 .text.__vfprintf
                0x000000000000188c      0xe18 /Applications/lpcxpresso_6.1.2_177/lpcxpresso/tools/bin/../lib/gcc/arm-none-eabi/4.6.2/../../../../arm-none-eabi/lib/armv6-m/libcr_c.a(printf.o)
                0x000000000000188c                __vfprintf
 .text.strlen   0x00000000000026a4       0x58 /Applications/lpcxpresso_6.1.2_177/lpcxpresso/tools/bin/../lib/gcc/arm-none-eabi/4.6.2/../../../../arm-none-eabi/lib/armv6-m/libcr_c.a(strlen.o)
                0x00000000000026a4                strlen
 .text.memset   0x00000000000026fc        0x8 /Applications/lpcxpresso_6.1.2_177/lpcxpresso/tools/bin/../lib/gcc/arm-none-eabi/4.6.2/../../../../arm-none-eabi/lib/armv6-m/libcr_c.a(memset.o)
                0x00000000000026fc                memset
 .text._deferredlazyseek
                0x0000000000002704       0x44 /Applications/lpcxpresso_6.1.2_177/lpcxpresso/tools/bin/../lib/gcc/arm-none-eabi/4.6.2/../../../../arm-none-eabi/lib/armv6-m/libcr_c.a(_deferredlazyseek.o)
                0x0000000000002704                _deferredlazyseek
 .text.__flsbuf
                0x0000000000002748      0x154 /Applications/lpcxpresso_6.1.2_177/lpcxpresso/tools/bin/../lib/gcc/arm-none-eabi/4.6.2/../../../../arm-none-eabi/lib/armv6-m/libcr_c.a(_deferredlazyseek.o)
                0x0000000000002748                __flsbuf
 .text._fflush  0x000000000000289c       0x60 /Applications/lpcxpresso_6.1.2_177/lpcxpresso/tools/bin/../lib/gcc/arm-none-eabi/4.6.2/../../../../arm-none-eabi/lib/armv6-m/libcr_c.a(_fflush.o)
                0x000000000000289c                _fflush
 *fill*         0x00000000000028fc        0x4 00
 .text._frexpl  0x0000000000002900       0x88 /Applications/lpcxpresso_6.1.2_177/lpcxpresso/tools/bin/../lib/gcc/arm-none-eabi/4.6.2/../../../../arm-none-eabi/lib/armv6-m/libcr_c.a(_frexpl.o)
                0x0000000000002900                _frexpl
 .text._ldexpl  0x0000000000002988       0x68 /Applications/lpcxpresso_6.1.2_177/lpcxpresso/tools/bin/../lib/gcc/arm-none-eabi/4.6.2/../../../../arm-none-eabi/lib/armv6-m/libcr_c.a(_ldexpl.o)
                0x0000000000002988                _ldexpl
 .text._Cwritebuf
                0x00000000000029f0       0x6c /Applications/lpcxpresso_6.1.2_177/lpcxpresso/tools/bin/../lib/gcc/arm-none-eabi/4.6.2/../../../../arm-none-eabi/lib/armv6-m/libcr_c.a(_writebuf.o)
                0x00000000000029f0                _Cwritebuf
 .text.malloc   0x0000000000002a5c       0xbc /Applications/lpcxpresso_6.1.2_177/lpcxpresso/tools/bin/../lib/gcc/arm-none-eabi/4.6.2/../../../../arm-none-eabi/lib/armv6-m/libcr_c.a(alloc.o)
                0x0000000000002a5c                malloc
 .text.free     0x0000000000002b18       0x10 /Applications/lpcxpresso_6.1.2_177/lpcxpresso/tools/bin/../lib/gcc/arm-none-eabi/4.6.2/../../../../arm-none-eabi/lib/armv6-m/libcr_c.a(alloc.o)
                0x0000000000002b18                free
 .text._Csys_alloc
                0x0000000000002b28       0x20 /Applications/lpcxpresso_6.1.2_177/lpcxpresso/tools/bin/../lib/gcc/arm-none-eabi/4.6.2/../../../../arm-none-eabi/lib/armv6-m/libcr_c.a(alloc.o)
                0x0000000000002b28                _Csys_alloc
 .text.__sys_appexit
                0x0000000000002b48        0xc /Applications/lpcxpresso_6.1.2_177/lpcxpresso/tools/bin/../lib/gcc/arm-none-eabi/4.6.2/../../../../arm-none-eabi/lib/armv6-m/libcr_semihost.a(__sys_appexit.o)
                0x0000000000002b48                __exit
                0x0000000000002b48                __sys_appexit
 .text.__sys_flen
                0x0000000000002b54        0xc /Applications/lpcxpresso_6.1.2_177/lpcxpresso/tools/bin/../lib/gcc/arm-none-eabi/4.6.2/../../../../arm-none-eabi/lib/armv6-m/libcr_semihost.a(__sys_flen.o)
                0x0000000000002b54                __sys_flen
 .text.__sys_istty
                0x0000000000002b60        0xc /Applications/lpcxpresso_6.1.2_177/lpcxpresso/tools/bin/../lib/gcc/arm-none-eabi/4.6.2/../../../../arm-none-eabi/lib/armv6-m/libcr_semihost.a(__sys_istty.o)
                0x0000000000002b60                __sys_istty
 .text.__sys_seek
                0x0000000000002b6c        0xc /Applications/lpcxpresso_6.1.2_177/lpcxpresso/tools/bin/../lib/gcc/arm-none-eabi/4.6.2/../../../../arm-none-eabi/lib/armv6-m/libcr_semihost.a(__sys_seek.o)
                0x0000000000002b6c                __sys_seek
 .text.__sys_write
                0x0000000000002b78        0xc /Applications/lpcxpresso_6.1.2_177/lpcxpresso/tools/bin/../lib/gcc/arm-none-eabi/4.6.2/../../../../arm-none-eabi/lib/armv6-m/libcr_semihost.a(__sys_write.o)
                0x0000000000002b78                __write
                0x0000000000002b78                __sys_write
 .text._sbrk    0x0000000000002b84       0x40 /Applications/lpcxpresso_6.1.2_177/lpcxpresso/tools/bin/../lib/gcc/arm-none-eabi/4.6.2/../../../../arm-none-eabi/lib/armv6-m/libcr_semihost.a(_cr_sbrk.o)
                0x0000000000002b84                _sbrk
 .text.__check_heap_overflow
                0x0000000000002bc4       0x2c /Applications/lpcxpresso_6.1.2_177/lpcxpresso/tools/bin/../lib/gcc/arm-none-eabi/4.6.2/../../../../arm-none-eabi/lib/armv6-m/libcr_semihost.a(_cr_check_heap.o)
                0x0000000000002bc4                __check_heap_overflow
 .text.__aeabi_division_idivmod
                0x0000000000002bf0        0x6 /Applications/lpcxpresso_6.1.2_177/lpcxpresso/tools/bin/../lib/gcc/arm-none-eabi/4.6.2/armv6-m/libcr_eabihelpers.a(division.o)
                0x0000000000002bf0                __aeabi_idiv
                0x0000000000002bf0                __aeabi_idivmod
 .text.__aeabi_division_uidivmod
                0x0000000000002bf6       0x72 /Applications/lpcxpresso_6.1.2_177/lpcxpresso/tools/bin/../lib/gcc/arm-none-eabi/4.6.2/armv6-m/libcr_eabihelpers.a(division.o)
                0x0000000000002bf6                __aeabi_uidiv
                0x0000000000002bf6                __aeabi_uidivmod
 .text.__aeabi_division_idiv0
                0x0000000000002c68        0x2 /Applications/lpcxpresso_6.1.2_177/lpcxpresso/tools/bin/../lib/gcc/arm-none-eabi/4.6.2/armv6-m/libcr_eabihelpers.a(division.o)
                0x0000000000002c68                __aeabi_idiv0
 *fill*         0x0000000000002c6a        0x6 00
 .text.__aeabi_dmul
                0x0000000000002c70      0x180 /Applications/lpcxpresso_6.1.2_177/lpcxpresso/tools/bin/../lib/gcc/arm-none-eabi/4.6.2/armv6-m/libcr_eabihelpers.a(double.o)
                0x0000000000002c70                __aeabi_dmul
 .text.__aeabi_ddiv
                0x0000000000002df0      0x178 /Applications/lpcxpresso_6.1.2_177/lpcxpresso/tools/bin/../lib/gcc/arm-none-eabi/4.6.2/armv6-m/libcr_eabihelpers.a(double.o)
                0x0000000000002df0                __aeabi_ddiv
 .text.__aeabi_dsub
                0x0000000000002f68      0x1d8 /Applications/lpcxpresso_6.1.2_177/lpcxpresso/tools/bin/../lib/gcc/arm-none-eabi/4.6.2/armv6-m/libcr_eabihelpers.a(double.o)
                0x0000000000002f68                __aeabi_dsub
 .text.__aeabi_dadd
                0x0000000000003140      0x140 /Applications/lpcxpresso_6.1.2_177/lpcxpresso/tools/bin/../lib/gcc/arm-none-eabi/4.6.2/armv6-m/libcr_eabihelpers.a(double.o)
                0x0000000000003140                __aeabi_dadd
 .text.__aeabi_d2iz
                0x0000000000003280       0x4c /Applications/lpcxpresso_6.1.2_177/lpcxpresso/tools/bin/../lib/gcc/arm-none-eabi/4.6.2/armv6-m/libcr_eabihelpers.a(double.o)
                0x0000000000003280                __aeabi_d2iz
 .text.__bhs_ui2d
                0x00000000000032cc       0x5e /Applications/lpcxpresso_6.1.2_177/lpcxpresso/tools/bin/../lib/gcc/arm-none-eabi/4.6.2/armv6-m/libcr_eabihelpers.a(double.o)
                0x00000000000032cc                __bhs_ui2d
 .text.__aeabi_i2d
                0x000000000000332a       0x16 /Applications/lpcxpresso_6.1.2_177/lpcxpresso/tools/bin/../lib/gcc/arm-none-eabi/4.6.2/armv6-m/libcr_eabihelpers.a(double.o)
                0x000000000000332a                __aeabi_i2d
 .text.__aeabi_ui2d
                0x0000000000003340        0xc /Applications/lpcxpresso_6.1.2_177/lpcxpresso/tools/bin/../lib/gcc/arm-none-eabi/4.6.2/armv6-m/libcr_eabihelpers.a(double.o)
                0x0000000000003340                __aeabi_ui2d
 .text.__aeabi_dcmpeq
                0x000000000000334c       0x40 /Applications/lpcxpresso_6.1.2_177/lpcxpresso/tools/bin/../lib/gcc/arm-none-eabi/4.6.2/armv6-m/libcr_eabihelpers.a(double.o)
                0x000000000000334c                __aeabi_dcmpeq
 .text.__aeabi_dcmplt
                0x000000000000338c       0x64 /Applications/lpcxpresso_6.1.2_177/lpcxpresso/tools/bin/../lib/gcc/arm-none-eabi/4.6.2/armv6-m/libcr_eabihelpers.a(double.o)
                0x000000000000338c                __aeabi_dcmplt
 .text.__aeabi_dcmpgt
                0x00000000000033f0       0x64 /Applications/lpcxpresso_6.1.2_177/lpcxpresso/tools/bin/../lib/gcc/arm-none-eabi/4.6.2/armv6-m/libcr_eabihelpers.a(double.o)
                0x00000000000033f0                __aeabi_dcmpgt
 .text.__aeabi_dcmple
                0x0000000000003454       0x64 /Applications/lpcxpresso_6.1.2_177/lpcxpresso/tools/bin/../lib/gcc/arm-none-eabi/4.6.2/armv6-m/libcr_eabihelpers.a(double.o)
                0x0000000000003454                __aeabi_dcmple
 .text.__aeabi_dcmpge
                0x00000000000034b8       0x64 /Applications/lpcxpresso_6.1.2_177/lpcxpresso/tools/bin/../lib/gcc/arm-none-eabi/4.6.2/armv6-m/libcr_eabihelpers.a(double.o)
                0x00000000000034b8                __aeabi_dcmpge
 .text.__aeabi_llong_lmul
                0x000000000000351c       0x2e /Applications/lpcxpresso_6.1.2_177/lpcxpresso/tools/bin/../lib/gcc/arm-none-eabi/4.6.2/armv6-m/libcr_eabihelpers.a(llong.o)
                0x000000000000351c                __aeabi_lmul
 .text.__aeabi_memset_lowlevel
                0x000000000000354a       0x2a /Applications/lpcxpresso_6.1.2_177/lpcxpresso/tools/bin/../lib/gcc/arm-none-eabi/4.6.2/armv6-m/libcr_eabihelpers.a(memcpy.o)
                0x000000000000354a                __aeabi_lowlevel_memset
 *fill*         0x0000000000003574        0x4 00
 .text.__aeabi_memset_lowlevel.stub
                0x0000000000003578        0x8 linker stubs
 *(.rodata*)
 .rodata        0x0000000000003580       0x2c ./src/adc_main.o
 .rodata.LPC_GPIO
                0x00000000000035ac       0x10 ./driver/gpio.o
 .rodata.CSWTCH.7
                0x00000000000035bc       0x40 ./cmsis/system_LPC11xx.o
 .rodata.str1.1
                0x00000000000035fc       0x34 /Applications/lpcxpresso_6.1.2_177/lpcxpresso/tools/bin/../lib/gcc/arm-none-eabi/4.6.2/../../../../arm-none-eabi/lib/armv6-m/libcr_c.a(fpprintf.o)
                                         0x35 (size before relaxing)
 .rodata.str1.1
                0x0000000000003630       0x31 /Applications/lpcxpresso_6.1.2_177/lpcxpresso/tools/bin/../lib/gcc/arm-none-eabi/4.6.2/../../../../arm-none-eabi/lib/armv6-m/libcr_c.a(printf.o)
                                         0x38 (size before relaxing)
 .rodata.str1.1
                0x0000000000003661       0x18 /Applications/lpcxpresso_6.1.2_177/lpcxpresso/tools/bin/../lib/gcc/arm-none-eabi/4.6.2/../../../../arm-none-eabi/lib/armv6-m/libcr_c.a(alloc.o)
 *fill*         0x0000000000003679        0x7 00
 .rodata.__huge_vall
                0x0000000000003680        0x8 /Applications/lpcxpresso_6.1.2_177/lpcxpresso/tools/bin/../lib/gcc/arm-none-eabi/4.6.2/../../../../arm-none-eabi/lib/armv6-m/libcr_c.a(_hugeval.o)
                0x0000000000003680                __huge_vall

.glue_7         0x0000000000003688        0x0
 .glue_7        0x0000000000000000        0x0 linker stubs

.glue_7t        0x0000000000003688        0x0
 .glue_7t       0x0000000000000000        0x0 linker stubs

.vfp11_veneer   0x0000000000003688        0x0
 .vfp11_veneer  0x0000000000000000        0x0 linker stubs

.v4_bx          0x0000000000003688        0x0
 .v4_bx         0x0000000000000000        0x0 linker stubs

.ARM.extab
 *(.ARM.extab* .gnu.linkonce.armextab.*)
                0x0000000000003688                __exidx_start = .

.ARM.exidx
 *(.ARM.exidx* .gnu.linkonce.armexidx.*)
                0x0000000000003688                __exidx_end = .
                0x0000000000003688                _etext = .

.data           0x0000000010000000        0x8 load address 0x0000000000003688
                0x0000000010000000                _data = .
 *(vtable)
 *(.data*)
 .data.UARTTxEmpty
                0x0000000010000000        0x1 ./driver/uart.o
                0x0000000010000000                UARTTxEmpty
 *fill*         0x0000000010000001        0x3 00
 .data.SystemCoreClock
                0x0000000010000004        0x4 ./cmsis/system_LPC11xx.o
                0x0000000010000004                SystemCoreClock
                0x0000000010000008                _edata = .

.bss            0x0000000010000008      0x188 load address 0x0000000000003690
                0x0000000010000008                _bss = .
 *(.bss*)
 .bss.ADCIntDone
                0x0000000010000008        0x4 ./driver/adc.o
                0x0000000010000008                ADCIntDone
 .bss.OverRunCounter
                0x000000001000000c        0x4 ./driver/adc.o
                0x000000001000000c                OverRunCounter
 .bss.timer32_0_counter
                0x0000000010000010        0x4 ./driver/timer32.o
                0x0000000010000010                timer32_0_counter
 .bss.timer32_0_capture
                0x0000000010000014        0x4 ./driver/timer32.o
                0x0000000010000014                timer32_0_capture
 .bss.UARTCount
                0x0000000010000018        0x4 ./driver/uart.o
                0x0000000010000018                UARTCount
 .bss.errno     0x000000001000001c        0x4 /Applications/lpcxpresso_6.1.2_177/lpcxpresso/tools/bin/../lib/gcc/arm-none-eabi/4.6.2/../../../../arm-none-eabi/lib/armv6-m/libcr_c.a(errno.o)
                0x000000001000001c                errno
 *(COMMON)
 COMMON         0x0000000010000020       0x20 ./driver/adc.o
                0x0000000010000020                ADCValue
 COMMON         0x0000000010000040        0x8 ./driver/debug_printf.o
                0x0000000010000040                fseek
                0x0000000010000044                fclose
 COMMON         0x0000000010000048      0x140 /Applications/lpcxpresso_6.1.2_177/lpcxpresso/tools/bin/../lib/gcc/arm-none-eabi/4.6.2/../../../../arm-none-eabi/lib/armv6-m/libcr_c.a(stdio.o)
                0x0000000010000048                __Ciob
 COMMON         0x0000000010000188        0x8 /Applications/lpcxpresso_6.1.2_177/lpcxpresso/tools/bin/../lib/gcc/arm-none-eabi/4.6.2/../../../../arm-none-eabi/lib/armv6-m/libcr_c.a(__init_alloc.o)
                0x0000000010000188                __heaps
                0x000000001000018c                __end_of_heap
                0x0000000010000190                _ebss = .

.cr_heap        0x0000000010000190        0x0 load address 0x0000000000003690
                0x0000000010000190                end = .
                0x0000000010000190                _pvHeapStart = .
                0x0000000010002000                _vRamTop = __top_RamLoc8
                0x0000000010002000                _vStackTop = _vRamTop
OUTPUT(adc.axf elf32-littlearm)

.debug_info     0x0000000000000000     0x495d
 .debug_info    0x0000000000000000      0x1ec ./startup/cr_startup_lpc11.o
 .debug_info    0x00000000000001ec      0x423 ./src/adc_main.o
 .debug_info    0x000000000000060f      0xb20 ./driver/adc.o
 .debug_info    0x000000000000112f      0x4fd ./driver/clkconfig.o
 .debug_info    0x000000000000162c       0x92 ./driver/crp.o
 .debug_info    0x00000000000016be      0x257 ./driver/debug_printf.o
 .debug_info    0x0000000000001915      0x7fb ./driver/gpio.o
 .debug_info    0x0000000000002110      0xcd1 ./driver/timer32.o
 .debug_info    0x0000000000002de1      0xc68 ./driver/uart.o
 .debug_info    0x0000000000003a49      0x2ae ./cmsis/core_cm0.o
 .debug_info    0x0000000000003cf7      0x588 ./cmsis/system_LPC11xx.o
 .debug_info    0x000000000000427f      0x257 /Users/austinglaser/src/lpcxresso/NXP_LPCXpresso1114-302_2011-02-07/lib_small_printf_m0/Lib/liblib_small_printf_m0.a(small_printf_nofloat.o)
 .debug_info    0x00000000000044d6      0x2c0 /Users/austinglaser/src/lpcxresso/NXP_LPCXpresso1114-302_2011-02-07/lib_small_printf_m0/Lib/liblib_small_printf_m0.a(small_printf_support.o)
 .debug_info    0x0000000000004796      0x1c7 /Users/austinglaser/src/lpcxresso/NXP_LPCXpresso1114-302_2011-02-07/lib_small_printf_m0/Lib/liblib_small_printf_m0.a(small_utils.o)

.debug_abbrev   0x0000000000000000      0xfc7
 .debug_abbrev  0x0000000000000000       0xb4 ./startup/cr_startup_lpc11.o
 .debug_abbrev  0x00000000000000b4      0x178 ./src/adc_main.o
 .debug_abbrev  0x000000000000022c      0x19b ./driver/adc.o
 .debug_abbrev  0x00000000000003c7       0xb2 ./driver/clkconfig.o
 .debug_abbrev  0x0000000000000479       0x51 ./driver/crp.o
 .debug_abbrev  0x00000000000004ca      0x120 ./driver/debug_printf.o
 .debug_abbrev  0x00000000000005ea      0x192 ./driver/gpio.o
 .debug_abbrev  0x000000000000077c      0x18a ./driver/timer32.o
 .debug_abbrev  0x0000000000000906      0x19f ./driver/uart.o
 .debug_abbrev  0x0000000000000aa5       0xaf ./cmsis/core_cm0.o
 .debug_abbrev  0x0000000000000b54      0x13d ./cmsis/system_LPC11xx.o
 .debug_abbrev  0x0000000000000c91      0x15f /Users/austinglaser/src/lpcxresso/NXP_LPCXpresso1114-302_2011-02-07/lib_small_printf_m0/Lib/liblib_small_printf_m0.a(small_printf_nofloat.o)
 .debug_abbrev  0x0000000000000df0      0x11e /Users/austinglaser/src/lpcxresso/NXP_LPCXpresso1114-302_2011-02-07/lib_small_printf_m0/Lib/liblib_small_printf_m0.a(small_printf_support.o)
 .debug_abbrev  0x0000000000000f0e       0xb9 /Users/austinglaser/src/lpcxresso/NXP_LPCXpresso1114-302_2011-02-07/lib_small_printf_m0/Lib/liblib_small_printf_m0.a(small_utils.o)

.debug_loc      0x0000000000000000     0x14e3
 .debug_loc     0x0000000000000000      0x140 ./startup/cr_startup_lpc11.o
 .debug_loc     0x0000000000000140       0xe4 ./src/adc_main.o
 .debug_loc     0x0000000000000224      0x10c ./driver/adc.o
 .debug_loc     0x0000000000000330       0x70 ./driver/clkconfig.o
 .debug_loc     0x00000000000003a0      0x124 ./driver/debug_printf.o
 .debug_loc     0x00000000000004c4      0x1b4 ./driver/gpio.o
 .debug_loc     0x0000000000000678      0x1ec ./driver/timer32.o
 .debug_loc     0x0000000000000864      0x10c ./driver/uart.o
 .debug_loc     0x0000000000000970      0x112 ./cmsis/core_cm0.o
 .debug_loc     0x0000000000000a82       0x98 ./cmsis/system_LPC11xx.o
 .debug_loc     0x0000000000000b1a      0x4ad /Users/austinglaser/src/lpcxresso/NXP_LPCXpresso1114-302_2011-02-07/lib_small_printf_m0/Lib/liblib_small_printf_m0.a(small_printf_nofloat.o)
 .debug_loc     0x0000000000000fc7      0x2de /Users/austinglaser/src/lpcxresso/NXP_LPCXpresso1114-302_2011-02-07/lib_small_printf_m0/Lib/liblib_small_printf_m0.a(small_printf_support.o)
 .debug_loc     0x00000000000012a5      0x23e /Users/austinglaser/src/lpcxresso/NXP_LPCXpresso1114-302_2011-02-07/lib_small_printf_m0/Lib/liblib_small_printf_m0.a(small_utils.o)

.debug_aranges  0x0000000000000000      0x370
 .debug_aranges
                0x0000000000000000       0x50 ./startup/cr_startup_lpc11.o
 .debug_aranges
                0x0000000000000050       0x38 ./src/adc_main.o
 .debug_aranges
                0x0000000000000088       0x40 ./driver/adc.o
 .debug_aranges
                0x00000000000000c8       0x28 ./driver/clkconfig.o
 .debug_aranges
                0x00000000000000f0       0x40 ./driver/debug_printf.o
 .debug_aranges
                0x0000000000000130       0x58 ./driver/gpio.o
 .debug_aranges
                0x0000000000000188       0x60 ./driver/timer32.o
 .debug_aranges
                0x00000000000001e8       0x40 ./driver/uart.o
 .debug_aranges
                0x0000000000000228       0x70 ./cmsis/core_cm0.o
 .debug_aranges
                0x0000000000000298       0x28 ./cmsis/system_LPC11xx.o
 .debug_aranges
                0x00000000000002c0       0x30 /Users/austinglaser/src/lpcxresso/NXP_LPCXpresso1114-302_2011-02-07/lib_small_printf_m0/Lib/liblib_small_printf_m0.a(small_printf_nofloat.o)
 .debug_aranges
                0x00000000000002f0       0x38 /Users/austinglaser/src/lpcxresso/NXP_LPCXpresso1114-302_2011-02-07/lib_small_printf_m0/Lib/liblib_small_printf_m0.a(small_printf_support.o)
 .debug_aranges
                0x0000000000000328       0x48 /Users/austinglaser/src/lpcxresso/NXP_LPCXpresso1114-302_2011-02-07/lib_small_printf_m0/Lib/liblib_small_printf_m0.a(small_utils.o)

.debug_ranges   0x0000000000000000      0x2a0
 .debug_ranges  0x0000000000000000       0x40 ./startup/cr_startup_lpc11.o
 .debug_ranges  0x0000000000000040       0x28 ./src/adc_main.o
 .debug_ranges  0x0000000000000068       0x30 ./driver/adc.o
 .debug_ranges  0x0000000000000098       0x18 ./driver/clkconfig.o
 .debug_ranges  0x00000000000000b0       0x30 ./driver/debug_printf.o
 .debug_ranges  0x00000000000000e0       0x48 ./driver/gpio.o
 .debug_ranges  0x0000000000000128       0x50 ./driver/timer32.o
 .debug_ranges  0x0000000000000178       0x30 ./driver/uart.o
 .debug_ranges  0x00000000000001a8       0x60 ./cmsis/core_cm0.o
 .debug_ranges  0x0000000000000208       0x18 ./cmsis/system_LPC11xx.o
 .debug_ranges  0x0000000000000220       0x20 /Users/austinglaser/src/lpcxresso/NXP_LPCXpresso1114-302_2011-02-07/lib_small_printf_m0/Lib/liblib_small_printf_m0.a(small_printf_nofloat.o)
 .debug_ranges  0x0000000000000240       0x28 /Users/austinglaser/src/lpcxresso/NXP_LPCXpresso1114-302_2011-02-07/lib_small_printf_m0/Lib/liblib_small_printf_m0.a(small_printf_support.o)
 .debug_ranges  0x0000000000000268       0x38 /Users/austinglaser/src/lpcxresso/NXP_LPCXpresso1114-302_2011-02-07/lib_small_printf_m0/Lib/liblib_small_printf_m0.a(small_utils.o)

.debug_line     0x0000000000000000     0x3963
 .debug_line    0x0000000000000000      0x3f8 ./startup/cr_startup_lpc11.o
 .debug_line    0x00000000000003f8      0x538 ./src/adc_main.o
 .debug_line    0x0000000000000930      0x42d ./driver/adc.o
 .debug_line    0x0000000000000d5d      0x3bf ./driver/clkconfig.o
 .debug_line    0x000000000000111c      0x377 ./driver/crp.o
 .debug_line    0x0000000000001493      0x4d7 ./driver/debug_printf.o
 .debug_line    0x000000000000196a      0x46c ./driver/gpio.o
 .debug_line    0x0000000000001dd6      0x4b7 ./driver/timer32.o
 .debug_line    0x000000000000228d      0x423 ./driver/uart.o
 .debug_line    0x00000000000026b0      0x3eb ./cmsis/core_cm0.o
 .debug_line    0x0000000000002a9b      0x3ea ./cmsis/system_LPC11xx.o
 .debug_line    0x0000000000002e85      0x489 /Users/austinglaser/src/lpcxresso/NXP_LPCXpresso1114-302_2011-02-07/lib_small_printf_m0/Lib/liblib_small_printf_m0.a(small_printf_nofloat.o)
 .debug_line    0x000000000000330e      0x4d6 /Users/austinglaser/src/lpcxresso/NXP_LPCXpresso1114-302_2011-02-07/lib_small_printf_m0/Lib/liblib_small_printf_m0.a(small_printf_support.o)
 .debug_line    0x00000000000037e4      0x17f /Users/austinglaser/src/lpcxresso/NXP_LPCXpresso1114-302_2011-02-07/lib_small_printf_m0/Lib/liblib_small_printf_m0.a(small_utils.o)

.debug_macinfo  0x0000000000000000    0x47e12
 .debug_macinfo
                0x0000000000000000     0x3e81 ./startup/cr_startup_lpc11.o
 .debug_macinfo
                0x0000000000003e81     0x67f0 ./src/adc_main.o
 .debug_macinfo
                0x000000000000a671     0x6096 ./driver/adc.o
 .debug_macinfo
                0x0000000000010707     0x5efb ./driver/clkconfig.o
 .debug_macinfo
                0x0000000000016602     0x602e ./driver/crp.o
 .debug_macinfo
                0x000000000001c630     0x6113 ./driver/debug_printf.o
 .debug_macinfo
                0x0000000000022743     0x5e6f ./driver/gpio.o
 .debug_macinfo
                0x00000000000285b2     0x5ee9 ./driver/timer32.o
 .debug_macinfo
                0x000000000002e49b     0x6001 ./driver/uart.o
 .debug_macinfo
                0x000000000003449c     0x3c50 ./cmsis/core_cm0.o
 .debug_macinfo
                0x00000000000380ec     0x5eed ./cmsis/system_LPC11xx.o
 .debug_macinfo
                0x000000000003dfd9     0x3dd1 /Users/austinglaser/src/lpcxresso/NXP_LPCXpresso1114-302_2011-02-07/lib_small_printf_m0/Lib/liblib_small_printf_m0.a(small_printf_nofloat.o)
 .debug_macinfo
                0x0000000000041daa     0x3de0 /Users/austinglaser/src/lpcxresso/NXP_LPCXpresso1114-302_2011-02-07/lib_small_printf_m0/Lib/liblib_small_printf_m0.a(small_printf_support.o)
 .debug_macinfo
                0x0000000000045b8a     0x2288 /Users/austinglaser/src/lpcxresso/NXP_LPCXpresso1114-302_2011-02-07/lib_small_printf_m0/Lib/liblib_small_printf_m0.a(small_utils.o)

.debug_str      0x0000000000000000     0x1033
 .debug_str     0x0000000000000000      0x1ae ./startup/cr_startup_lpc11.o
                                        0x1e2 (size before relaxing)
 .debug_str     0x00000000000001ae      0x12f ./src/adc_main.o
                                        0x265 (size before relaxing)
 .debug_str     0x00000000000002dd      0x69f ./driver/adc.o
                                        0x7f2 (size before relaxing)
 .debug_str     0x000000000000097c       0x38 ./driver/clkconfig.o
                                        0x3f0 (size before relaxing)
 .debug_str     0x00000000000009b4       0x19 ./driver/crp.o
                                        0x132 (size before relaxing)
 .debug_str     0x00000000000009cd       0xee ./driver/debug_printf.o
                                        0x213 (size before relaxing)
 .debug_str     0x0000000000000abb       0xa5 ./driver/gpio.o
                                        0x491 (size before relaxing)
 .debug_str     0x0000000000000b60      0x11d ./driver/timer32.o
                                        0x89b (size before relaxing)
 .debug_str     0x0000000000000c7d       0xb4 ./driver/uart.o
                                        0x822 (size before relaxing)
 .debug_str     0x0000000000000d31       0xc8 ./cmsis/core_cm0.o
                                        0x1f7 (size before relaxing)
 .debug_str     0x0000000000000df9       0x49 ./cmsis/system_LPC11xx.o
                                        0x41e (size before relaxing)
 .debug_str     0x0000000000000e42       0xde /Users/austinglaser/src/lpcxresso/NXP_LPCXpresso1114-302_2011-02-07/lib_small_printf_m0/Lib/liblib_small_printf_m0.a(small_printf_nofloat.o)
                                        0x1f0 (size before relaxing)
 .debug_str     0x0000000000000f20       0xad /Users/austinglaser/src/lpcxresso/NXP_LPCXpresso1114-302_2011-02-07/lib_small_printf_m0/Lib/liblib_small_printf_m0.a(small_printf_support.o)
                                        0x20d (size before relaxing)
 .debug_str     0x0000000000000fcd       0x66 /Users/austinglaser/src/lpcxresso/NXP_LPCXpresso1114-302_2011-02-07/lib_small_printf_m0/Lib/liblib_small_printf_m0.a(small_utils.o)
                                        0x13d (size before relaxing)

.comment        0x0000000000000000       0xe0
 .comment       0x0000000000000000       0x70 ./startup/cr_startup_lpc11.o
                                         0x71 (size before relaxing)
 .comment       0x0000000000000000       0x71 ./src/adc_main.o
 .comment       0x0000000000000000       0x71 ./driver/adc.o
 .comment       0x0000000000000000       0x71 ./driver/clkconfig.o
 .comment       0x0000000000000000       0x71 ./driver/crp.o
 .comment       0x0000000000000000       0x71 ./driver/debug_printf.o
 .comment       0x0000000000000000       0x71 ./driver/gpio.o
 .comment       0x0000000000000000       0x71 ./driver/timer32.o
 .comment       0x0000000000000000       0x71 ./driver/uart.o
 .comment       0x0000000000000000       0x71 ./cmsis/core_cm0.o
 .comment       0x0000000000000000       0x71 ./cmsis/system_LPC11xx.o
 .comment       0x0000000000000000       0x71 /Users/austinglaser/src/lpcxresso/NXP_LPCXpresso1114-302_2011-02-07/lib_small_printf_m0/Lib/liblib_small_printf_m0.a(small_printf_nofloat.o)
 .comment       0x0000000000000000       0x71 /Users/austinglaser/src/lpcxresso/NXP_LPCXpresso1114-302_2011-02-07/lib_small_printf_m0/Lib/liblib_small_printf_m0.a(small_printf_support.o)
 .comment       0x0000000000000000       0x71 /Users/austinglaser/src/lpcxresso/NXP_LPCXpresso1114-302_2011-02-07/lib_small_printf_m0/Lib/liblib_small_printf_m0.a(small_utils.o)
 .comment       0x0000000000000000       0x71 /Applications/lpcxpresso_6.1.2_177/lpcxpresso/tools/bin/../lib/gcc/arm-none-eabi/4.6.2/../../../../arm-none-eabi/lib/armv6-m/libcr_c.a(__weak__main.o)
 .comment       0x0000000000000000       0x71 /Applications/lpcxpresso_6.1.2_177/lpcxpresso/tools/bin/../lib/gcc/arm-none-eabi/4.6.2/../../../../arm-none-eabi/lib/armv6-m/libcr_c.a(fpprintf.o)
 .comment       0x0000000000000000       0x71 /Applications/lpcxpresso_6.1.2_177/lpcxpresso/tools/bin/../lib/gcc/arm-none-eabi/4.6.2/../../../../arm-none-eabi/lib/armv6-m/libcr_c.a(printf.o)
 .comment       0x0000000000000000       0x71 /Applications/lpcxpresso_6.1.2_177/lpcxpresso/tools/bin/../lib/gcc/arm-none-eabi/4.6.2/../../../../arm-none-eabi/lib/armv6-m/libcr_c.a(stdio.o)
 .comment       0x0000000000000000       0x71 /Applications/lpcxpresso_6.1.2_177/lpcxpresso/tools/bin/../lib/gcc/arm-none-eabi/4.6.2/../../../../arm-none-eabi/lib/armv6-m/libcr_c.a(strlen.o)
 .comment       0x0000000000000000       0x71 /Applications/lpcxpresso_6.1.2_177/lpcxpresso/tools/bin/../lib/gcc/arm-none-eabi/4.6.2/../../../../arm-none-eabi/lib/armv6-m/libcr_c.a(memset.o)
 .comment       0x0000000000000000       0x71 /Applications/lpcxpresso_6.1.2_177/lpcxpresso/tools/bin/../lib/gcc/arm-none-eabi/4.6.2/../../../../arm-none-eabi/lib/armv6-m/libcr_c.a(__fillbuf.o)
 .comment       0x0000000000000000       0x71 /Applications/lpcxpresso_6.1.2_177/lpcxpresso/tools/bin/../lib/gcc/arm-none-eabi/4.6.2/../../../../arm-none-eabi/lib/armv6-m/libcr_c.a(_deferredlazyseek.o)
 .comment       0x0000000000000000       0x71 /Applications/lpcxpresso_6.1.2_177/lpcxpresso/tools/bin/../lib/gcc/arm-none-eabi/4.6.2/../../../../arm-none-eabi/lib/armv6-m/libcr_c.a(_fflush.o)
 .comment       0x0000000000000000       0x71 /Applications/lpcxpresso_6.1.2_177/lpcxpresso/tools/bin/../lib/gcc/arm-none-eabi/4.6.2/../../../../arm-none-eabi/lib/armv6-m/libcr_c.a(_frexpl.o)
 .comment       0x0000000000000000       0x71 /Applications/lpcxpresso_6.1.2_177/lpcxpresso/tools/bin/../lib/gcc/arm-none-eabi/4.6.2/../../../../arm-none-eabi/lib/armv6-m/libcr_c.a(_ldexpl.o)
 .comment       0x0000000000000000       0x71 /Applications/lpcxpresso_6.1.2_177/lpcxpresso/tools/bin/../lib/gcc/arm-none-eabi/4.6.2/../../../../arm-none-eabi/lib/armv6-m/libcr_c.a(_writebuf.o)
 .comment       0x0000000000000000       0x71 /Applications/lpcxpresso_6.1.2_177/lpcxpresso/tools/bin/../lib/gcc/arm-none-eabi/4.6.2/../../../../arm-none-eabi/lib/armv6-m/libcr_c.a(alloc.o)
 .comment       0x0000000000000000       0x71 /Applications/lpcxpresso_6.1.2_177/lpcxpresso/tools/bin/../lib/gcc/arm-none-eabi/4.6.2/../../../../arm-none-eabi/lib/armv6-m/libcr_c.a(errno.o)
 .comment       0x0000000000000000       0x71 /Applications/lpcxpresso_6.1.2_177/lpcxpresso/tools/bin/../lib/gcc/arm-none-eabi/4.6.2/../../../../arm-none-eabi/lib/armv6-m/libcr_c.a(memcpy.o)
 .comment       0x0000000000000000       0x71 /Applications/lpcxpresso_6.1.2_177/lpcxpresso/tools/bin/../lib/gcc/arm-none-eabi/4.6.2/../../../../arm-none-eabi/lib/armv6-m/libcr_c.a(__init_alloc.o)
 .comment       0x0000000000000000       0x71 /Applications/lpcxpresso_6.1.2_177/lpcxpresso/tools/bin/../lib/gcc/arm-none-eabi/4.6.2/../../../../arm-none-eabi/lib/armv6-m/libcr_c.a(_hugeval.o)
 .comment       0x0000000000000070       0x70 /Applications/lpcxpresso_6.1.2_177/lpcxpresso/tools/bin/../lib/gcc/arm-none-eabi/4.6.2/../../../../arm-none-eabi/lib/armv6-m/libcr_semihost.a(_cr_sbrk.o)
                                         0x71 (size before relaxing)
 .comment       0x0000000000000000       0x71 /Applications/lpcxpresso_6.1.2_177/lpcxpresso/tools/bin/../lib/gcc/arm-none-eabi/4.6.2/../../../../arm-none-eabi/lib/armv6-m/libcr_semihost.a(_cr_check_heap.o)
 .comment       0x0000000000000000       0x71 /Applications/lpcxpresso_6.1.2_177/lpcxpresso/tools/bin/../lib/gcc/arm-none-eabi/4.6.2/armv6-m/libcr_eabihelpers.a(double.o)

.ARM.attributes
                0x0000000000000000       0x2f
 .ARM.attributes
                0x0000000000000000       0x31 ./startup/cr_startup_lpc11.o
 .ARM.attributes
                0x0000000000000031       0x31 ./src/adc_main.o
 .ARM.attributes
                0x0000000000000062       0x31 ./driver/adc.o
 .ARM.attributes
                0x0000000000000093       0x31 ./driver/clkconfig.o
 .ARM.attributes
                0x00000000000000c4       0x31 ./driver/crp.o
 .ARM.attributes
                0x00000000000000f5       0x31 ./driver/debug_printf.o
 .ARM.attributes
                0x0000000000000126       0x31 ./driver/gpio.o
 .ARM.attributes
                0x0000000000000157       0x31 ./driver/timer32.o
 .ARM.attributes
                0x0000000000000188       0x31 ./driver/uart.o
 .ARM.attributes
                0x00000000000001b9       0x31 ./cmsis/core_cm0.o
 .ARM.attributes
                0x00000000000001ea       0x31 ./cmsis/system_LPC11xx.o
 .ARM.attributes
                0x000000000000021b       0x31 /Users/austinglaser/src/lpcxresso/NXP_LPCXpresso1114-302_2011-02-07/lib_small_printf_m0/Lib/liblib_small_printf_m0.a(small_printf_nofloat.o)
 .ARM.attributes
                0x000000000000024c       0x31 /Users/austinglaser/src/lpcxresso/NXP_LPCXpresso1114-302_2011-02-07/lib_small_printf_m0/Lib/liblib_small_printf_m0.a(small_printf_support.o)
 .ARM.attributes
                0x000000000000027d       0x31 /Users/austinglaser/src/lpcxresso/NXP_LPCXpresso1114-302_2011-02-07/lib_small_printf_m0/Lib/liblib_small_printf_m0.a(small_utils.o)
 .ARM.attributes
                0x00000000000002ae       0x31 /Applications/lpcxpresso_6.1.2_177/lpcxpresso/tools/bin/../lib/gcc/arm-none-eabi/4.6.2/../../../../arm-none-eabi/lib/armv6-m/libcr_c.a(__weak__main.o)
 .ARM.attributes
                0x00000000000002df       0x31 /Applications/lpcxpresso_6.1.2_177/lpcxpresso/tools/bin/../lib/gcc/arm-none-eabi/4.6.2/../../../../arm-none-eabi/lib/armv6-m/libcr_c.a(fpprintf.o)
 .ARM.attributes
                0x0000000000000310       0x31 /Applications/lpcxpresso_6.1.2_177/lpcxpresso/tools/bin/../lib/gcc/arm-none-eabi/4.6.2/../../../../arm-none-eabi/lib/armv6-m/libcr_c.a(printf.o)
 .ARM.attributes
                0x0000000000000341       0x31 /Applications/lpcxpresso_6.1.2_177/lpcxpresso/tools/bin/../lib/gcc/arm-none-eabi/4.6.2/../../../../arm-none-eabi/lib/armv6-m/libcr_c.a(stdio.o)
 .ARM.attributes
                0x0000000000000372       0x31 /Applications/lpcxpresso_6.1.2_177/lpcxpresso/tools/bin/../lib/gcc/arm-none-eabi/4.6.2/../../../../arm-none-eabi/lib/armv6-m/libcr_c.a(strlen.o)
 .ARM.attributes
                0x00000000000003a3       0x31 /Applications/lpcxpresso_6.1.2_177/lpcxpresso/tools/bin/../lib/gcc/arm-none-eabi/4.6.2/../../../../arm-none-eabi/lib/armv6-m/libcr_c.a(memset.o)
 .ARM.attributes
                0x00000000000003d4       0x31 /Applications/lpcxpresso_6.1.2_177/lpcxpresso/tools/bin/../lib/gcc/arm-none-eabi/4.6.2/../../../../arm-none-eabi/lib/armv6-m/libcr_c.a(__fillbuf.o)
 .ARM.attributes
                0x0000000000000405       0x31 /Applications/lpcxpresso_6.1.2_177/lpcxpresso/tools/bin/../lib/gcc/arm-none-eabi/4.6.2/../../../../arm-none-eabi/lib/armv6-m/libcr_c.a(_deferredlazyseek.o)
 .ARM.attributes
                0x0000000000000436       0x31 /Applications/lpcxpresso_6.1.2_177/lpcxpresso/tools/bin/../lib/gcc/arm-none-eabi/4.6.2/../../../../arm-none-eabi/lib/armv6-m/libcr_c.a(_fflush.o)
 .ARM.attributes
                0x0000000000000467       0x31 /Applications/lpcxpresso_6.1.2_177/lpcxpresso/tools/bin/../lib/gcc/arm-none-eabi/4.6.2/../../../../arm-none-eabi/lib/armv6-m/libcr_c.a(_frexpl.o)
 .ARM.attributes
                0x0000000000000498       0x31 /Applications/lpcxpresso_6.1.2_177/lpcxpresso/tools/bin/../lib/gcc/arm-none-eabi/4.6.2/../../../../arm-none-eabi/lib/armv6-m/libcr_c.a(_ldexpl.o)
 .ARM.attributes
                0x00000000000004c9       0x31 /Applications/lpcxpresso_6.1.2_177/lpcxpresso/tools/bin/../lib/gcc/arm-none-eabi/4.6.2/../../../../arm-none-eabi/lib/armv6-m/libcr_c.a(_writebuf.o)
 .ARM.attributes
                0x00000000000004fa       0x31 /Applications/lpcxpresso_6.1.2_177/lpcxpresso/tools/bin/../lib/gcc/arm-none-eabi/4.6.2/../../../../arm-none-eabi/lib/armv6-m/libcr_c.a(alloc.o)
 .ARM.attributes
                0x000000000000052b       0x31 /Applications/lpcxpresso_6.1.2_177/lpcxpresso/tools/bin/../lib/gcc/arm-none-eabi/4.6.2/../../../../arm-none-eabi/lib/armv6-m/libcr_c.a(errno.o)
 .ARM.attributes
                0x000000000000055c       0x31 /Applications/lpcxpresso_6.1.2_177/lpcxpresso/tools/bin/../lib/gcc/arm-none-eabi/4.6.2/../../../../arm-none-eabi/lib/armv6-m/libcr_c.a(memcpy.o)
 .ARM.attributes
                0x000000000000058d       0x31 /Applications/lpcxpresso_6.1.2_177/lpcxpresso/tools/bin/../lib/gcc/arm-none-eabi/4.6.2/../../../../arm-none-eabi/lib/armv6-m/libcr_c.a(__init_alloc.o)
 .ARM.attributes
                0x00000000000005be       0x31 /Applications/lpcxpresso_6.1.2_177/lpcxpresso/tools/bin/../lib/gcc/arm-none-eabi/4.6.2/../../../../arm-none-eabi/lib/armv6-m/libcr_c.a(_hugeval.o)
 .ARM.attributes
                0x00000000000005ef       0x21 /Applications/lpcxpresso_6.1.2_177/lpcxpresso/tools/bin/../lib/gcc/arm-none-eabi/4.6.2/../../../../arm-none-eabi/lib/armv6-m/libcr_semihost.a(__sys_appexit.o)
 .ARM.attributes
                0x0000000000000610       0x21 /Applications/lpcxpresso_6.1.2_177/lpcxpresso/tools/bin/../lib/gcc/arm-none-eabi/4.6.2/../../../../arm-none-eabi/lib/armv6-m/libcr_semihost.a(__sys_flen.o)
 .ARM.attributes
                0x0000000000000631       0x21 /Applications/lpcxpresso_6.1.2_177/lpcxpresso/tools/bin/../lib/gcc/arm-none-eabi/4.6.2/../../../../arm-none-eabi/lib/armv6-m/libcr_semihost.a(__sys_istty.o)
 .ARM.attributes
                0x0000000000000652       0x21 /Applications/lpcxpresso_6.1.2_177/lpcxpresso/tools/bin/../lib/gcc/arm-none-eabi/4.6.2/../../../../arm-none-eabi/lib/armv6-m/libcr_semihost.a(__sys_read.o)
 .ARM.attributes
                0x0000000000000673       0x21 /Applications/lpcxpresso_6.1.2_177/lpcxpresso/tools/bin/../lib/gcc/arm-none-eabi/4.6.2/../../../../arm-none-eabi/lib/armv6-m/libcr_semihost.a(__sys_readc.o)
 .ARM.attributes
                0x0000000000000694       0x21 /Applications/lpcxpresso_6.1.2_177/lpcxpresso/tools/bin/../lib/gcc/arm-none-eabi/4.6.2/../../../../arm-none-eabi/lib/armv6-m/libcr_semihost.a(__sys_seek.o)
 .ARM.attributes
                0x00000000000006b5       0x21 /Applications/lpcxpresso_6.1.2_177/lpcxpresso/tools/bin/../lib/gcc/arm-none-eabi/4.6.2/../../../../arm-none-eabi/lib/armv6-m/libcr_semihost.a(__sys_write.o)
 .ARM.attributes
                0x00000000000006d6       0x31 /Applications/lpcxpresso_6.1.2_177/lpcxpresso/tools/bin/../lib/gcc/arm-none-eabi/4.6.2/../../../../arm-none-eabi/lib/armv6-m/libcr_semihost.a(_cr_sbrk.o)
 .ARM.attributes
                0x0000000000000707       0x31 /Applications/lpcxpresso_6.1.2_177/lpcxpresso/tools/bin/../lib/gcc/arm-none-eabi/4.6.2/../../../../arm-none-eabi/lib/armv6-m/libcr_semihost.a(_cr_check_heap.o)
 .ARM.attributes
                0x0000000000000738       0x21 /Applications/lpcxpresso_6.1.2_177/lpcxpresso/tools/bin/../lib/gcc/arm-none-eabi/4.6.2/armv6-m/libcr_eabihelpers.a(division.o)
 .ARM.attributes
                0x0000000000000759       0x31 /Applications/lpcxpresso_6.1.2_177/lpcxpresso/tools/bin/../lib/gcc/arm-none-eabi/4.6.2/armv6-m/libcr_eabihelpers.a(double.o)
 .ARM.attributes
                0x000000000000078a       0x21 /Applications/lpcxpresso_6.1.2_177/lpcxpresso/tools/bin/../lib/gcc/arm-none-eabi/4.6.2/armv6-m/libcr_eabihelpers.a(llong.o)
 .ARM.attributes
                0x00000000000007ab       0x21 /Applications/lpcxpresso_6.1.2_177/lpcxpresso/tools/bin/../lib/gcc/arm-none-eabi/4.6.2/armv6-m/libcr_eabihelpers.a(memcpy.o)

.debug_frame    0x0000000000000000      0x89c
 .debug_frame   0x0000000000000000       0xd8 ./startup/cr_startup_lpc11.o
 .debug_frame   0x00000000000000d8       0x98 ./src/adc_main.o
 .debug_frame   0x0000000000000170       0xac ./driver/adc.o
 .debug_frame   0x000000000000021c       0x50 ./driver/clkconfig.o
 .debug_frame   0x000000000000026c       0xb0 ./driver/debug_printf.o
 .debug_frame   0x000000000000031c      0x10c ./driver/gpio.o
 .debug_frame   0x0000000000000428      0x12c ./driver/timer32.o
 .debug_frame   0x0000000000000554       0xac ./driver/uart.o
 .debug_frame   0x0000000000000600       0xc0 ./cmsis/core_cm0.o
 .debug_frame   0x00000000000006c0       0x48 ./cmsis/system_LPC11xx.o
 .debug_frame   0x0000000000000708       0x6c /Users/austinglaser/src/lpcxresso/NXP_LPCXpresso1114-302_2011-02-07/lib_small_printf_m0/Lib/liblib_small_printf_m0.a(small_printf_nofloat.o)
 .debug_frame   0x0000000000000774       0x7c /Users/austinglaser/src/lpcxresso/NXP_LPCXpresso1114-302_2011-02-07/lib_small_printf_m0/Lib/liblib_small_printf_m0.a(small_printf_support.o)
 .debug_frame   0x00000000000007f0       0xac /Users/austinglaser/src/lpcxresso/NXP_LPCXpresso1114-302_2011-02-07/lib_small_printf_m0/Lib/liblib_small_printf_m0.a(small_utils.o)
