Archive member included because of file (symbol)

/Applications/lpcxpresso_6.1.2_177/lpcxpresso/tools/bin/../lib/gcc/arm-none-eabi/4.6.2/../../../../arm-none-eabi/lib/armv6-m/libcr_c.a(__weak__main.o)
                              ./startup/cr_startup_lpc11.o (__main)
/Applications/lpcxpresso_6.1.2_177/lpcxpresso/tools/bin/../lib/gcc/arm-none-eabi/4.6.2/armv6-m/libcr_eabihelpers.a(division.o)
                              ./driver/timer32.o (__aeabi_uidiv)

Discarded input sections

 .text          0x0000000000000000        0x0 ./startup/cr_startup_lpc11.o
 .data          0x0000000000000000        0x0 ./startup/cr_startup_lpc11.o
 .bss           0x0000000000000000        0x0 ./startup/cr_startup_lpc11.o
 .text          0x0000000000000000        0x0 ./src/swuart_main.o
 .data          0x0000000000000000        0x0 ./src/swuart_main.o
 .bss           0x0000000000000000        0x0 ./src/swuart_main.o
 .rodata.LPC_GPIO
                0x0000000000000000       0x10 ./src/swuart_main.o
 .text          0x0000000000000000        0x0 ./driver/can.o
 .data          0x0000000000000000        0x0 ./driver/can.o
 .bss           0x0000000000000000        0x0 ./driver/can.o
 .text          0x0000000000000000        0x0 ./driver/gpio.o
 .data          0x0000000000000000        0x0 ./driver/gpio.o
 .bss           0x0000000000000000        0x0 ./driver/gpio.o
 .text.GPIOInit
                0x0000000000000000       0x1c ./driver/gpio.o
 .text.GPIOSetInterrupt
                0x0000000000000000      0x334 ./driver/gpio.o
 .text.GPIOIntEnable
                0x0000000000000000       0xa8 ./driver/gpio.o
 .text.GPIOIntDisable
                0x0000000000000000       0xa8 ./driver/gpio.o
 .text.GPIOIntStatus
                0x0000000000000000       0xb4 ./driver/gpio.o
 .text.GPIOIntClear
                0x0000000000000000       0xa8 ./driver/gpio.o
 .text          0x0000000000000000        0x0 ./driver/lpc_swu.o
 .data          0x0000000000000000        0x0 ./driver/lpc_swu.o
 .bss           0x0000000000000000        0x0 ./driver/lpc_swu.o
 .rodata.LPC_GPIO
                0x0000000000000000       0x10 ./driver/lpc_swu.o
 .bss.swu_tx_st
                0x0000000000000000        0x1 ./driver/lpc_swu.o
 .bss.swu_tx_trigger
                0x0000000000000000        0x4 ./driver/lpc_swu.o
 .text.swu_rx_callback
                0x0000000000000000        0x8 ./driver/lpc_swu.o
 .text          0x0000000000000000        0x0 ./driver/timer32.o
 .data          0x0000000000000000        0x0 ./driver/timer32.o
 .bss           0x0000000000000000        0x0 ./driver/timer32.o
 .bss.timer32_0_period
                0x0000000000000000        0x4 ./driver/timer32.o
 .bss.timer32_1_period
                0x0000000000000000        0x4 ./driver/timer32.o
 .text.delay32Ms
                0x0000000000000000       0xe4 ./driver/timer32.o
 .text.enable_timer32
                0x0000000000000000       0x30 ./driver/timer32.o
 .text.disable_timer32
                0x0000000000000000       0x30 ./driver/timer32.o
 .text.reset_timer32
                0x0000000000000000       0x4c ./driver/timer32.o
 .text.init_timer32
                0x0000000000000000      0x128 ./driver/timer32.o
 .text.init_timer32PWM
                0x0000000000000000      0x22c ./driver/timer32.o
 .text.setMatch_timer32PWM
                0x0000000000000000       0xa4 ./driver/timer32.o
 .text          0x0000000000000000        0x0 ./cmsis/core_cm0.o
 .data          0x0000000000000000        0x0 ./cmsis/core_cm0.o
 .bss           0x0000000000000000        0x0 ./cmsis/core_cm0.o
 .text.__get_PSP
                0x0000000000000000        0x8 ./cmsis/core_cm0.o
 .text.__set_PSP
                0x0000000000000000        0x6 ./cmsis/core_cm0.o
 .text.__get_MSP
                0x0000000000000000        0x8 ./cmsis/core_cm0.o
 .text.__set_MSP
                0x0000000000000000        0x6 ./cmsis/core_cm0.o
 .text.__get_PRIMASK
                0x0000000000000000        0x6 ./cmsis/core_cm0.o
 .text.__set_PRIMASK
                0x0000000000000000        0x6 ./cmsis/core_cm0.o
 .text.__get_CONTROL
                0x0000000000000000        0x6 ./cmsis/core_cm0.o
 .text.__set_CONTROL
                0x0000000000000000        0x6 ./cmsis/core_cm0.o
 .text.__REV    0x0000000000000000        0x4 ./cmsis/core_cm0.o
 .text.__REV16  0x0000000000000000        0x4 ./cmsis/core_cm0.o
 .text.__REVSH  0x0000000000000000        0x4 ./cmsis/core_cm0.o
 .text          0x0000000000000000        0x0 ./cmsis/system_LPC11xx.o
 .data          0x0000000000000000        0x0 ./cmsis/system_LPC11xx.o
 .bss           0x0000000000000000        0x0 ./cmsis/system_LPC11xx.o
 .text          0x0000000000000000        0x0 /Applications/lpcxpresso_6.1.2_177/lpcxpresso/tools/bin/../lib/gcc/arm-none-eabi/4.6.2/../../../../arm-none-eabi/lib/armv6-m/libcr_c.a(__weak__main.o)
 .data          0x0000000000000000        0x0 /Applications/lpcxpresso_6.1.2_177/lpcxpresso/tools/bin/../lib/gcc/arm-none-eabi/4.6.2/../../../../arm-none-eabi/lib/armv6-m/libcr_c.a(__weak__main.o)
 .bss           0x0000000000000000        0x0 /Applications/lpcxpresso_6.1.2_177/lpcxpresso/tools/bin/../lib/gcc/arm-none-eabi/4.6.2/../../../../arm-none-eabi/lib/armv6-m/libcr_c.a(__weak__main.o)
 .text          0x0000000000000000        0x0 /Applications/lpcxpresso_6.1.2_177/lpcxpresso/tools/bin/../lib/gcc/arm-none-eabi/4.6.2/armv6-m/libcr_eabihelpers.a(division.o)
 .data          0x0000000000000000        0x0 /Applications/lpcxpresso_6.1.2_177/lpcxpresso/tools/bin/../lib/gcc/arm-none-eabi/4.6.2/armv6-m/libcr_eabihelpers.a(division.o)
 .bss           0x0000000000000000        0x0 /Applications/lpcxpresso_6.1.2_177/lpcxpresso/tools/bin/../lib/gcc/arm-none-eabi/4.6.2/armv6-m/libcr_eabihelpers.a(division.o)
 .text.__aeabi_division_idivmod
                0x0000000000000000        0x6 /Applications/lpcxpresso_6.1.2_177/lpcxpresso/tools/bin/../lib/gcc/arm-none-eabi/4.6.2/armv6-m/libcr_eabihelpers.a(division.o)
 .text.__aeabi_division_uldivmod
                0x0000000000000000       0x5a /Applications/lpcxpresso_6.1.2_177/lpcxpresso/tools/bin/../lib/gcc/arm-none-eabi/4.6.2/armv6-m/libcr_eabihelpers.a(division.o)
 .text.__aeabi_division_ldivmod
                0x0000000000000000       0x32 /Applications/lpcxpresso_6.1.2_177/lpcxpresso/tools/bin/../lib/gcc/arm-none-eabi/4.6.2/armv6-m/libcr_eabihelpers.a(division.o)
 .text.__aeabi_division_ldiv0
                0x0000000000000000        0x2 /Applications/lpcxpresso_6.1.2_177/lpcxpresso/tools/bin/../lib/gcc/arm-none-eabi/4.6.2/armv6-m/libcr_eabihelpers.a(division.o)
 .text.__aeabi_division_idivq31+15
                0x0000000000000000      0x188 /Applications/lpcxpresso_6.1.2_177/lpcxpresso/tools/bin/../lib/gcc/arm-none-eabi/4.6.2/armv6-m/libcr_eabihelpers.a(division.o)

Memory Configuration

Name             Origin             Length             Attributes
MFlash32         0x0000000000000000 0x0000000000008000 xr
RamLoc8          0x0000000010000000 0x0000000000002000 xrw
*default*        0x0000000000000000 0xffffffffffffffff

Linker script and memory map

LOAD ./startup/cr_startup_lpc11.o
LOAD ./src/swuart_main.o
LOAD ./driver/can.o
LOAD ./driver/gpio.o
LOAD ./driver/lpc_swu.o
LOAD ./driver/timer32.o
LOAD ./cmsis/core_cm0.o
LOAD ./cmsis/system_LPC11xx.o
START GROUP
LOAD /Applications/lpcxpresso_6.1.2_177/lpcxpresso/tools/bin/../lib/gcc/arm-none-eabi/4.6.2/../../../../arm-none-eabi/lib/armv6-m/libcr_c.a
LOAD /Applications/lpcxpresso_6.1.2_177/lpcxpresso/tools/bin/../lib/gcc/arm-none-eabi/4.6.2/../../../../arm-none-eabi/lib/armv6-m/libcr_semihost.a
LOAD /Applications/lpcxpresso_6.1.2_177/lpcxpresso/tools/bin/../lib/gcc/arm-none-eabi/4.6.2/armv6-m/libcr_eabihelpers.a
END GROUP
                0x0000000000008000                __top_MFlash32 = 0x8000
                0x0000000010002000                __top_RamLoc8 = 0x10002000

.text           0x0000000000000000     0x1030
 FILL mask 0xff
 *(.isr_vector)
 .isr_vector    0x0000000000000000       0xc0 ./startup/cr_startup_lpc11.o
                0x0000000000000000                g_pfnVectors
 *(.text.Reset_Handler .text.SystemInit)
 .text.SystemInit
                0x00000000000000c0       0xb0 ./cmsis/system_LPC11xx.o
                0x00000000000000c0                SystemInit
                0x00000000000002fc                . = 0x2fc
 *fill*         0x0000000000000170      0x18c ff
 *(.crp)
 *(.text*)
 .text.ResetISR
                0x00000000000002fc       0x60 ./startup/cr_startup_lpc11.o
                0x00000000000002fc                ResetISR
 .text.NMI_Handler
                0x000000000000035c        0x8 ./startup/cr_startup_lpc11.o
                0x000000000000035c                NMI_Handler
 .text.HardFault_Handler
                0x0000000000000364        0x8 ./startup/cr_startup_lpc11.o
                0x0000000000000364                HardFault_Handler
 .text.SVCall_Handler
                0x000000000000036c        0x8 ./startup/cr_startup_lpc11.o
                0x000000000000036c                SVCall_Handler
 .text.PendSV_Handler
                0x0000000000000374        0x8 ./startup/cr_startup_lpc11.o
                0x0000000000000374                PendSV_Handler
 .text.SysTick_Handler
                0x000000000000037c        0x8 ./startup/cr_startup_lpc11.o
                0x000000000000037c                SysTick_Handler
 .text.IntDefaultHandler
                0x0000000000000384        0x8 ./startup/cr_startup_lpc11.o
                0x0000000000000384                PIOINT3_IRQHandler
                0x0000000000000384                UART_IRQHandler
                0x0000000000000384                TIMER32_1_IRQHandler
                0x0000000000000384                IntDefaultHandler
                0x0000000000000384                PIOINT1_IRQHandler
                0x0000000000000384                CAN_IRQHandler
                0x0000000000000384                SSP0_IRQHandler
                0x0000000000000384                TIMER16_1_IRQHandler
                0x0000000000000384                ADC_IRQHandler
                0x0000000000000384                SSP1_IRQHandler
                0x0000000000000384                PIOINT2_IRQHandler
                0x0000000000000384                BOD_IRQHandler
                0x0000000000000384                WAKEUP_IRQHandler
                0x0000000000000384                PIOINT0_IRQHandler
                0x0000000000000384                I2C_IRQHandler
                0x0000000000000384                WDT_IRQHandler
                0x0000000000000384                TIMER16_0_IRQHandler
 .text.TIMER32_0_IRQHandler
                0x000000000000038c       0x30 ./src/swuart_main.o
                0x000000000000038c                TIMER32_0_IRQHandler
 .text.swu_rx_callback
                0x00000000000003bc       0x1c ./src/swuart_main.o
                0x00000000000003bc                swu_rx_callback
 .text.displayWelcome
                0x00000000000003d8       0x38 ./src/swuart_main.o
                0x00000000000003d8                displayWelcome
 .text.main     0x0000000000000410      0x108 ./src/swuart_main.o
                0x0000000000000410                main
 .text.GPIOSetValue
                0x0000000000000518       0x38 ./driver/gpio.o
                0x0000000000000518                GPIOSetValue
 .text.GPIOSetDir
                0x0000000000000550       0x74 ./driver/gpio.o
                0x0000000000000550                GPIOSetDir
 .text.NVIC_EnableIRQ
                0x00000000000005c4       0x2c ./driver/lpc_swu.o
 .text.swu_setup_tx
                0x00000000000005f0      0x1f4 ./driver/lpc_swu.o
 .text.swu_tx_str
                0x00000000000007e4       0x28 ./driver/lpc_swu.o
                0x00000000000007e4                swu_tx_str
 .text.swu_tx_chr
                0x000000000000080c       0x80 ./driver/lpc_swu.o
                0x000000000000080c                swu_tx_chr
 .text.swu_rx_chr
                0x000000000000088c       0x8c ./driver/lpc_swu.o
                0x000000000000088c                swu_rx_chr
 .text.swu_isr_tx
                0x0000000000000918       0xe0 ./driver/lpc_swu.o
                0x0000000000000918                swu_isr_tx
 .text.swu_isr_rx
                0x00000000000009f8      0x318 ./driver/lpc_swu.o
                0x00000000000009f8                swu_isr_rx
 .text.swu_init
                0x0000000000000d10      0x104 ./driver/lpc_swu.o
                0x0000000000000d10                swu_init
 .text.SystemCoreClockUpdate
                0x0000000000000e14       0xac ./cmsis/system_LPC11xx.o
                0x0000000000000e14                SystemCoreClockUpdate
 .text.__weak_main
                0x0000000000000ec0        0x8 /Applications/lpcxpresso_6.1.2_177/lpcxpresso/tools/bin/../lib/gcc/arm-none-eabi/4.6.2/../../../../arm-none-eabi/lib/armv6-m/libcr_c.a(__weak__main.o)
                0x0000000000000ec0                __main
                0x0000000000000ec0                __weak_main
 .text.__aeabi_division_uidivmod
                0x0000000000000ec8       0x72 /Applications/lpcxpresso_6.1.2_177/lpcxpresso/tools/bin/../lib/gcc/arm-none-eabi/4.6.2/armv6-m/libcr_eabihelpers.a(division.o)
                0x0000000000000ec8                __aeabi_uidiv
                0x0000000000000ec8                __aeabi_uidivmod
 .text.__aeabi_division_idiv0
                0x0000000000000f3a        0x2 /Applications/lpcxpresso_6.1.2_177/lpcxpresso/tools/bin/../lib/gcc/arm-none-eabi/4.6.2/armv6-m/libcr_eabihelpers.a(division.o)
                0x0000000000000f3a                __aeabi_idiv0
 *(.rodata*)
 .rodata        0x0000000000000f3c       0xa4 ./src/swuart_main.o
 .rodata.LPC_GPIO
                0x0000000000000fe0       0x10 ./driver/gpio.o
 .rodata.CSWTCH.7
                0x0000000000000ff0       0x40 ./cmsis/system_LPC11xx.o

.glue_7         0x0000000000001030        0x0
 .glue_7        0x0000000000000000        0x0 linker stubs

.glue_7t        0x0000000000001030        0x0
 .glue_7t       0x0000000000000000        0x0 linker stubs

.vfp11_veneer   0x0000000000001030        0x0
 .vfp11_veneer  0x0000000000000000        0x0 linker stubs

.v4_bx          0x0000000000001030        0x0
 .v4_bx         0x0000000000000000        0x0 linker stubs

.ARM.extab
 *(.ARM.extab* .gnu.linkonce.armextab.*)
                0x0000000000001030                __exidx_start = .

.ARM.exidx
 *(.ARM.exidx* .gnu.linkonce.armexidx.*)
                0x0000000000001030                __exidx_end = .
                0x0000000000001030                _etext = .

.data           0x0000000010000000        0x4 load address 0x0000000000001030
                0x0000000010000000                _data = .
 *(vtable)
 *(.data*)
 .data.SystemCoreClock
                0x0000000010000000        0x4 ./cmsis/system_LPC11xx.o
                0x0000000010000000                SystemCoreClock
                0x0000000010000004                _edata = .

.bss            0x0000000010000004       0xb0 load address 0x0000000000001034
                0x0000000010000004                _bss = .
 *(.bss*)
 .bss.rxData    0x0000000010000004        0x2 ./src/swuart_main.o
 .bss.cnt_edges
                0x0000000010000006        0x1 ./driver/lpc_swu.o
 .bss.edge_index
                0x0000000010000007        0x1 ./driver/lpc_swu.o
 .bss.edge      0x0000000010000008       0x2c ./driver/lpc_swu.o
 .bss.last_edge_index
                0x0000000010000034        0x1 ./driver/lpc_swu.o
 .bss.char_end_index
                0x0000000010000035        0x1 ./driver/lpc_swu.o
 *fill*         0x0000000010000036        0x2 00
 .bss.tx_fifo_wr_ind
                0x0000000010000038        0x4 ./driver/lpc_swu.o
 .bss.tx_fifo_rd_ind
                0x000000001000003c        0x4 ./driver/lpc_swu.o
 .bss.swu_tx_cnt
                0x0000000010000040        0x4 ./driver/lpc_swu.o
 .bss.swu_tx_fifo
                0x0000000010000044       0x20 ./driver/lpc_swu.o
 .bss.rx_fifo_wr_ind
                0x0000000010000064        0x4 ./driver/lpc_swu.o
 .bss.rx_fifo_rd_ind
                0x0000000010000068        0x4 ./driver/lpc_swu.o
 .bss.swu_rx_cnt
                0x000000001000006c        0x4 ./driver/lpc_swu.o
 .bss.swu_rx_trigger
                0x0000000010000070        0x4 ./driver/lpc_swu.o
 .bss.swu_bit   0x0000000010000074        0x1 ./driver/lpc_swu.o
 .bss.cnt       0x0000000010000075        0x1 ./driver/lpc_swu.o
 .bss.cnt_bits  0x0000000010000076        0x1 ./driver/lpc_swu.o
 .bss.swu_rx_chr_fe
                0x0000000010000077        0x1 ./driver/lpc_swu.o
 .bss.swu_rbr   0x0000000010000078        0x4 ./driver/lpc_swu.o
 .bss.swu_rbr_mask
                0x000000001000007c        0x4 ./driver/lpc_swu.o
 .bss.edge_last
                0x0000000010000080        0x4 ./driver/lpc_swu.o
 .bss.edge_sample
                0x0000000010000084        0x4 ./driver/lpc_swu.o
 .bss.edge_current
                0x0000000010000088        0x4 ./driver/lpc_swu.o
 .bss.edge_stop
                0x000000001000008c        0x4 ./driver/lpc_swu.o
 .bss.swu_rx_fifo
                0x0000000010000090       0x20 ./driver/lpc_swu.o
 .bss.swu_status
                0x00000000100000b0        0x4 ./driver/lpc_swu.o
 *(COMMON)
                0x00000000100000b4                _ebss = .

.cr_heap        0x00000000100000b4        0x0 load address 0x0000000000001034
                0x00000000100000b4                end = .
                0x00000000100000b4                _pvHeapStart = .
                0x0000000010002000                _vRamTop = __top_RamLoc8
                0x0000000010002000                _vStackTop = _vRamTop
OUTPUT(model.axf elf32-littlearm)

.debug_info     0x0000000000000000     0x36bd
 .debug_info    0x0000000000000000      0x1b4 ./startup/cr_startup_lpc11.o
 .debug_info    0x00000000000001b4      0xa67 ./src/swuart_main.o
 .debug_info    0x0000000000000c1b       0x70 ./driver/can.o
 .debug_info    0x0000000000000c8b      0x7fb ./driver/gpio.o
 .debug_info    0x0000000000001486      0xf84 ./driver/lpc_swu.o
 .debug_info    0x000000000000240a      0xa7d ./driver/timer32.o
 .debug_info    0x0000000000002e87      0x2ae ./cmsis/core_cm0.o
 .debug_info    0x0000000000003135      0x588 ./cmsis/system_LPC11xx.o

.debug_abbrev   0x0000000000000000      0x8c9
 .debug_abbrev  0x0000000000000000       0xa9 ./startup/cr_startup_lpc11.o
 .debug_abbrev  0x00000000000000a9      0x142 ./src/swuart_main.o
 .debug_abbrev  0x00000000000001eb       0x2c ./driver/can.o
 .debug_abbrev  0x0000000000000217      0x192 ./driver/gpio.o
 .debug_abbrev  0x00000000000003a9      0x1fb ./driver/lpc_swu.o
 .debug_abbrev  0x00000000000005a4      0x139 ./driver/timer32.o
 .debug_abbrev  0x00000000000006dd       0xaf ./cmsis/core_cm0.o
 .debug_abbrev  0x000000000000078c      0x13d ./cmsis/system_LPC11xx.o

.debug_loc      0x0000000000000000      0x8c2
 .debug_loc     0x0000000000000000      0x140 ./startup/cr_startup_lpc11.o
 .debug_loc     0x0000000000000140       0xbc ./src/swuart_main.o
 .debug_loc     0x00000000000001fc      0x1b4 ./driver/gpio.o
 .debug_loc     0x00000000000003b0      0x1e0 ./driver/lpc_swu.o
 .debug_loc     0x0000000000000590      0x188 ./driver/timer32.o
 .debug_loc     0x0000000000000718      0x112 ./cmsis/core_cm0.o
 .debug_loc     0x000000000000082a       0x98 ./cmsis/system_LPC11xx.o

.debug_aranges  0x0000000000000000      0x228
 .debug_aranges
                0x0000000000000000       0x50 ./startup/cr_startup_lpc11.o
 .debug_aranges
                0x0000000000000050       0x38 ./src/swuart_main.o
 .debug_aranges
                0x0000000000000088       0x58 ./driver/gpio.o
 .debug_aranges
                0x00000000000000e0       0x60 ./driver/lpc_swu.o
 .debug_aranges
                0x0000000000000140       0x50 ./driver/timer32.o
 .debug_aranges
                0x0000000000000190       0x70 ./cmsis/core_cm0.o
 .debug_aranges
                0x0000000000000200       0x28 ./cmsis/system_LPC11xx.o

.debug_ranges   0x0000000000000000      0x1b8
 .debug_ranges  0x0000000000000000       0x40 ./startup/cr_startup_lpc11.o
 .debug_ranges  0x0000000000000040       0x28 ./src/swuart_main.o
 .debug_ranges  0x0000000000000068       0x48 ./driver/gpio.o
 .debug_ranges  0x00000000000000b0       0x50 ./driver/lpc_swu.o
 .debug_ranges  0x0000000000000100       0x40 ./driver/timer32.o
 .debug_ranges  0x0000000000000140       0x60 ./cmsis/core_cm0.o
 .debug_ranges  0x00000000000001a0       0x18 ./cmsis/system_LPC11xx.o

.debug_line     0x0000000000000000     0x1e56
 .debug_line    0x0000000000000000       0xf0 ./startup/cr_startup_lpc11.o
 .debug_line    0x00000000000000f0      0x40f ./src/swuart_main.o
 .debug_line    0x00000000000004ff      0x36e ./driver/can.o
 .debug_line    0x000000000000086d      0x46c ./driver/gpio.o
 .debug_line    0x0000000000000cd9      0x52b ./driver/lpc_swu.o
 .debug_line    0x0000000000001204      0x47d ./driver/timer32.o
 .debug_line    0x0000000000001681      0x3eb ./cmsis/core_cm0.o
 .debug_line    0x0000000000001a6c      0x3ea ./cmsis/system_LPC11xx.o

.debug_macinfo  0x0000000000000000    0x295c9
 .debug_macinfo
                0x0000000000000000     0x2236 ./startup/cr_startup_lpc11.o
 .debug_macinfo
                0x0000000000002236     0x5f39 ./src/swuart_main.o
 .debug_macinfo
                0x000000000000816f     0x5d99 ./driver/can.o
 .debug_macinfo
                0x000000000000df08     0x5dd1 ./driver/gpio.o
 .debug_macinfo
                0x0000000000013cd9     0x5f88 ./driver/lpc_swu.o
 .debug_macinfo
                0x0000000000019c61     0x5e4b ./driver/timer32.o
 .debug_macinfo
                0x000000000001faac     0x3c40 ./cmsis/core_cm0.o
 .debug_macinfo
                0x00000000000236ec     0x5edd ./cmsis/system_LPC11xx.o

.debug_str      0x0000000000000000      0xd2e
 .debug_str     0x0000000000000000      0x162 ./startup/cr_startup_lpc11.o
                                        0x187 (size before relaxing)
 .debug_str     0x0000000000000162      0x50d ./src/swuart_main.o
                                        0x5d7 (size before relaxing)
 .debug_str     0x000000000000066f       0x10 ./driver/can.o
                                        0x123 (size before relaxing)
 .debug_str     0x000000000000067f       0xac ./driver/gpio.o
                                        0x494 (size before relaxing)
 .debug_str     0x000000000000072b      0x3fe ./driver/lpc_swu.o
                                        0x9ae (size before relaxing)
 .debug_str     0x0000000000000b29       0xf4 ./driver/timer32.o
                                        0x64e (size before relaxing)
 .debug_str     0x0000000000000c1d       0xc8 ./cmsis/core_cm0.o
                                        0x1fa (size before relaxing)
 .debug_str     0x0000000000000ce5       0x49 ./cmsis/system_LPC11xx.o
                                        0x421 (size before relaxing)

.comment        0x0000000000000000       0x70
 .comment       0x0000000000000000       0x70 ./startup/cr_startup_lpc11.o
                                         0x71 (size before relaxing)
 .comment       0x0000000000000000       0x71 ./src/swuart_main.o
 .comment       0x0000000000000000       0x71 ./driver/can.o
 .comment       0x0000000000000000       0x71 ./driver/gpio.o
 .comment       0x0000000000000000       0x71 ./driver/lpc_swu.o
 .comment       0x0000000000000000       0x71 ./driver/timer32.o
 .comment       0x0000000000000000       0x71 ./cmsis/core_cm0.o
 .comment       0x0000000000000000       0x71 ./cmsis/system_LPC11xx.o
 .comment       0x0000000000000000       0x71 /Applications/lpcxpresso_6.1.2_177/lpcxpresso/tools/bin/../lib/gcc/arm-none-eabi/4.6.2/../../../../arm-none-eabi/lib/armv6-m/libcr_c.a(__weak__main.o)

.ARM.attributes
                0x0000000000000000       0x2f
 .ARM.attributes
                0x0000000000000000       0x31 ./startup/cr_startup_lpc11.o
 .ARM.attributes
                0x0000000000000031       0x31 ./src/swuart_main.o
 .ARM.attributes
                0x0000000000000062       0x31 ./driver/can.o
 .ARM.attributes
                0x0000000000000093       0x31 ./driver/gpio.o
 .ARM.attributes
                0x00000000000000c4       0x31 ./driver/lpc_swu.o
 .ARM.attributes
                0x00000000000000f5       0x31 ./driver/timer32.o
 .ARM.attributes
                0x0000000000000126       0x31 ./cmsis/core_cm0.o
 .ARM.attributes
                0x0000000000000157       0x31 ./cmsis/system_LPC11xx.o
 .ARM.attributes
                0x0000000000000188       0x31 /Applications/lpcxpresso_6.1.2_177/lpcxpresso/tools/bin/../lib/gcc/arm-none-eabi/4.6.2/../../../../arm-none-eabi/lib/armv6-m/libcr_c.a(__weak__main.o)
 .ARM.attributes
                0x00000000000001b9       0x21 /Applications/lpcxpresso_6.1.2_177/lpcxpresso/tools/bin/../lib/gcc/arm-none-eabi/4.6.2/armv6-m/libcr_eabihelpers.a(division.o)

.debug_frame    0x0000000000000000      0x588
 .debug_frame   0x0000000000000000       0xd8 ./startup/cr_startup_lpc11.o
 .debug_frame   0x00000000000000d8       0x84 ./src/swuart_main.o
 .debug_frame   0x000000000000015c      0x10c ./driver/gpio.o
 .debug_frame   0x0000000000000268      0x128 ./driver/lpc_swu.o
 .debug_frame   0x0000000000000390       0xf0 ./driver/timer32.o
 .debug_frame   0x0000000000000480       0xc0 ./cmsis/core_cm0.o
 .debug_frame   0x0000000000000540       0x48 ./cmsis/system_LPC11xx.o
