------------------------------------------------------------
TimeQuest Timing Analyzer Summary
------------------------------------------------------------

Type  : Slow 1200mV 85C Model Setup 'clock'
Slack : -59.082
TNS   : -1392.540

Type  : Slow 1200mV 85C Model Setup 'shift_clock'
Slack : -1.226
TNS   : -443.543

Type  : Slow 1200mV 85C Model Hold 'clock'
Slack : -0.138
TNS   : -0.138

Type  : Slow 1200mV 85C Model Hold 'shift_clock'
Slack : 0.357
TNS   : 0.000

Type  : Slow 1200mV 85C Model Minimum Pulse Width 'clock'
Slack : -3.000
TNS   : -47.000

Type  : Slow 1200mV 85C Model Minimum Pulse Width 'shift_clock'
Slack : -1.000
TNS   : -4651.000

Type  : Slow 1200mV 0C Model Setup 'clock'
Slack : -52.814
TNS   : -1243.987

Type  : Slow 1200mV 0C Model Setup 'shift_clock'
Slack : -0.994
TNS   : -232.790

Type  : Slow 1200mV 0C Model Hold 'clock'
Slack : -0.128
TNS   : -0.128

Type  : Slow 1200mV 0C Model Hold 'shift_clock'
Slack : 0.325
TNS   : 0.000

Type  : Slow 1200mV 0C Model Minimum Pulse Width 'clock'
Slack : -3.000
TNS   : -47.000

Type  : Slow 1200mV 0C Model Minimum Pulse Width 'shift_clock'
Slack : -1.000
TNS   : -4651.000

Type  : Fast 1200mV 0C Model Setup 'clock'
Slack : -32.419
TNS   : -765.154

Type  : Fast 1200mV 0C Model Setup 'shift_clock'
Slack : -0.324
TNS   : -5.691

Type  : Fast 1200mV 0C Model Hold 'clock'
Slack : -0.185
TNS   : -0.185

Type  : Fast 1200mV 0C Model Hold 'shift_clock'
Slack : 0.185
TNS   : 0.000

Type  : Fast 1200mV 0C Model Minimum Pulse Width 'clock'
Slack : -3.000
TNS   : -49.726

Type  : Fast 1200mV 0C Model Minimum Pulse Width 'shift_clock'
Slack : -1.000
TNS   : -4651.000

------------------------------------------------------------
